{
    "SNMP|CONTACT": {
        "Contact": "test-name test-email@test.com"
    }
}
